../Core/Src/main.c:49:5:__io_putchar	16	static
../Core/Src/main.c:55:8:user_i2c_read	56	static
../Core/Src/main.c:60:8:user_i2c_write	56	static
../Core/Src/main.c:65:6:user_delay_ms	16	static
../Core/Src/main.c:70:6:BME68x_Init	48	static
../Core/Src/main.c:102:6:Read_Temperature	48	static
../Core/Src/main.c:114:6:Read_Pressure	48	static
../Core/Src/main.c:126:6:Read_Humidity	48	static
../Core/Src/main.c:138:6:Read_Gas	48	static
../Core/Src/main.c:151:6:Show_Help_Menu	8	static
../Core/Src/main.c:163:6:Do_Sum	24	static
../Core/Src/main.c:173:6:E22_SetMode	16	static
../Core/Src/main.c:180:6:Send_BME_Data_LoRa	232	static
../Core/Src/main.c:198:5:main	80	static
