../Core/Src/main.c:63:5:__io_putchar	16	static
../Core/Src/main.c:69:6:E22_SetMode	16	static
../Core/Src/main.c:77:8:user_i2c_read	64	static
../Core/Src/main.c:84:8:user_i2c_write	64	static
../Core/Src/main.c:91:6:user_delay_us	16	static
../Core/Src/main.c:96:6:Send_LoRa_Command	40	static
../Core/Src/main.c:104:6:Send_LoRa_Message	32	static
../Core/Src/main.c:117:9:Read_LoRa_Register	40	static
../Core/Src/main.c:141:6:Write_LoRa_Register	48	static
../Core/Src/main.c:164:6:Enable_LoRa_Relay	24	static
../Core/Src/main.c:173:6:Disable_LoRa_Relay	24	static
../Core/Src/main.c:182:6:Set_LoRa_Channel	48	static
../Core/Src/main.c:224:6:Prompt_Set_LoRa_Channel	32	static
../Core/Src/main.c:255:6:Read_LoRa_Config	184	static
../Core/Src/main.c:360:6:Send_LoRa_All_Sensors	216	static
../Core/Src/main.c:388:6:Send_LoRa_Config	48	static
../Core/Src/main.c:415:6:BME68x_Init	48	static
../Core/Src/main.c:463:6:Show_Temperature	128	static
../Core/Src/main.c:487:6:Show_Humidity	128	static
../Core/Src/main.c:511:6:Show_Pressure	128	static
../Core/Src/main.c:535:6:Show_All_Sensors	360	static
../Core/Src/main.c:568:6:Show_Help_Menu	8	static
../Core/Src/main.c:585:6:Do_Sum	104	static
../Core/Src/main.c:599:6:SystemClock_Config	88	static
../Core/Src/main.c:621:13:MX_USART2_UART_Init	8	static
../Core/Src/main.c:637:13:MX_USART1_UART_Init	8	static
../Core/Src/main.c:653:13:MX_I2C1_Init	8	static
../Core/Src/main.c:671:13:MX_GPIO_Init	32	static
../Core/Src/main.c:700:6:Wait_For_AUX_High	24	static
../Core/Src/main.c:711:6:Error_Handler	8	static,ignoring_inline_asm
../Core/Src/main.c:718:6:Lora_Connection_Test	48	static
../Core/Src/main.c:753:5:main	152	static
